// Vitest Snapshot v1, https://vitest.dev/guide/snapshot.html

exports[`CreateVideoPage > matches the snapshot 1`] = `
<div>
  <div
    class="mx-auto max-w-2xl"
  >
    <h1
      class="font-display text-3xl font-bold text-content"
    >
      Add a video
    </h1>
    <p
      class="mt-1 text-content-secondary"
    >
      Generate with AI or upload your own.
    </p>
    <div
      class="mt-4 flex gap-1 rounded-lg bg-sunken p-1"
      role="tablist"
    >
      <button
        aria-selected="true"
        class="flex-1 rounded-md px-3 py-2 text-sm font-medium transition-colors bg-surface text-content shadow-sm"
        role="tab"
        type="button"
      >
        Generate
      </button>
      <button
        aria-selected="false"
        class="flex-1 rounded-md px-3 py-2 text-sm font-medium transition-colors text-content-secondary hover:text-content"
        role="tab"
        type="button"
      >
        Upload
      </button>
    </div>
    <div
      class="rounded-xl border border-line-subtle bg-surface p-6 shadow-sm mt-6"
    >
      <form
        class="flex flex-col gap-5"
        novalidate=""
      >
        <div
          class="flex flex-col gap-1.5"
        >
          <label
            class="text-sm font-medium text-content-secondary"
            for=":r2:"
          >
            Prompt
          </label>
          <textarea
            class="min-h-28 rounded-lg border bg-surface px-3 py-2 text-sm text-content placeholder:text-content-muted focus-visible:outline-none focus-visible:ring-2 focus-visible:ring-brand border-line"
            id=":r2:"
            placeholder="A neon city skyline at night, cinematic drone shot…"
            rows="5"
          />
        </div>
        <div
          class="flex flex-col gap-1.5"
        >
          <span
            class="text-sm font-medium text-content-secondary"
          >
            Duration
          </span>
          <div
            aria-label="Duration"
            class="flex gap-2"
            role="group"
          >
            <button
              aria-pressed="true"
              class="h-10 flex-1 rounded-lg border text-sm font-medium transition-colors border-brand bg-brand text-content-inverse"
              type="button"
            >
              15
              s
            </button>
            <button
              aria-pressed="false"
              class="h-10 flex-1 rounded-lg border text-sm font-medium transition-colors border-line bg-surface text-content hover:bg-sunken"
              type="button"
            >
              30
              s
            </button>
            <button
              aria-pressed="false"
              class="h-10 flex-1 rounded-lg border text-sm font-medium transition-colors border-line bg-surface text-content hover:bg-sunken"
              type="button"
            >
              45
              s
            </button>
            <button
              aria-pressed="false"
              class="h-10 flex-1 rounded-lg border text-sm font-medium transition-colors border-line bg-surface text-content hover:bg-sunken"
              type="button"
            >
              60
              s
            </button>
          </div>
        </div>
        <div
          class="flex flex-col gap-1.5"
        >
          <label
            class="text-sm font-medium text-content-secondary"
            for="music"
          >
            Background music
          </label>
          <select
            class="h-10 rounded-lg border border-line bg-surface px-3 text-sm text-content focus-visible:outline-none focus-visible:ring-2 focus-visible:ring-brand"
            id="music"
          >
            <option
              value=""
            >
              None
            </option>
            <option
              value="upbeat"
            >
              Upbeat
            </option>
            <option
              value="calm"
            >
              Calm
            </option>
            <option
              value="cinematic"
            >
              Cinematic
            </option>
            <option
              value="lofi"
            >
              Lo-fi
            </option>
          </select>
        </div>
        <div
          class="flex flex-col gap-1.5"
        >
          <div
            class="flex flex-col gap-1.5"
          >
            <label
              class="text-sm font-medium text-content-secondary"
              for=":r3:"
            >
              Narration (optional)
            </label>
            <textarea
              class="min-h-28 rounded-lg border bg-surface px-3 py-2 text-sm text-content placeholder:text-content-muted focus-visible:outline-none focus-visible:ring-2 focus-visible:ring-brand border-line"
              id=":r3:"
              placeholder="Words to speak over the video…"
              rows="3"
            />
          </div>
        </div>
        <button
          class="inline-flex items-center justify-center rounded-lg font-medium transition-all duration-150 ease-out active:translate-y-0 active:scale-[0.97] motion-reduce:transform-none motion-reduce:transition-colors focus-visible:outline-none focus-visible:ring-2 focus-visible:ring-brand focus-visible:ring-offset-2 disabled:cursor-not-allowed disabled:opacity-50 disabled:hover:translate-y-0 disabled:hover:shadow-none disabled:active:scale-100 bg-brand text-content-inverse shadow-sm hover:bg-brand-hover hover:shadow-md hover:-translate-y-0.5 h-12 px-6 text-base"
          type="submit"
        >
          Generate video
        </button>
      </form>
    </div>
  </div>
</div>
`;
