// Vitest Snapshot v1, https://vitest.dev/guide/snapshot.html

exports[`Button > matches the snapshot for each variant 1`] = `
<div>
  <div>
    <button
      class="inline-flex items-center justify-center rounded-lg font-medium transition-all duration-150 ease-out motion-reduce:transform-none motion-reduce:transition-colors focus-visible:outline-none focus-visible:ring-2 focus-visible:ring-brand focus-visible:ring-offset-2 focus-visible:ring-offset-canvas disabled:cursor-not-allowed disabled:opacity-40 bg-gradient-brand text-white shadow-glow-sm hover:shadow-glow-brand disabled:shadow-none h-10 px-4 text-sm gap-2"
      tabindex="0"
      type="button"
    >
      Primary
    </button>
    <button
      class="inline-flex items-center justify-center rounded-lg font-medium transition-all duration-150 ease-out motion-reduce:transform-none motion-reduce:transition-colors focus-visible:outline-none focus-visible:ring-2 focus-visible:ring-brand focus-visible:ring-offset-2 focus-visible:ring-offset-canvas disabled:cursor-not-allowed disabled:opacity-40 bg-surface-raised text-content ring-1 ring-white/10 hover:ring-white/20 hover:bg-surface h-10 px-4 text-sm gap-2"
      tabindex="0"
      type="button"
    >
      Secondary
    </button>
    <button
      class="inline-flex items-center justify-center rounded-lg font-medium transition-all duration-150 ease-out motion-reduce:transform-none motion-reduce:transition-colors focus-visible:outline-none focus-visible:ring-2 focus-visible:ring-brand focus-visible:ring-offset-2 focus-visible:ring-offset-canvas disabled:cursor-not-allowed disabled:opacity-40 bg-transparent text-content-secondary hover:bg-white/5 hover:text-content h-10 px-4 text-sm gap-2"
      tabindex="0"
      type="button"
    >
      Ghost
    </button>
  </div>
</div>
`;
