// Vitest Snapshot v1, https://vitest.dev/guide/snapshot.html

exports[`Button > matches the snapshot for each variant 1`] = `
<div>
  <div>
    <button
      class="inline-flex items-center justify-center rounded-lg font-medium transition-all duration-150 ease-out active:translate-y-0 active:scale-[0.97] motion-reduce:transform-none motion-reduce:transition-colors focus-visible:outline-none focus-visible:ring-2 focus-visible:ring-brand focus-visible:ring-offset-2 disabled:cursor-not-allowed disabled:opacity-50 disabled:hover:translate-y-0 disabled:hover:shadow-none disabled:active:scale-100 bg-brand text-content-inverse shadow-sm hover:bg-brand-hover hover:shadow-md hover:-translate-y-0.5 h-10 px-4 text-sm"
      type="button"
    >
      Primary
    </button>
    <button
      class="inline-flex items-center justify-center rounded-lg font-medium transition-all duration-150 ease-out active:translate-y-0 active:scale-[0.97] motion-reduce:transform-none motion-reduce:transition-colors focus-visible:outline-none focus-visible:ring-2 focus-visible:ring-brand focus-visible:ring-offset-2 disabled:cursor-not-allowed disabled:opacity-50 disabled:hover:translate-y-0 disabled:hover:shadow-none disabled:active:scale-100 bg-brand-secondary text-content-inverse hover:bg-brand hover:shadow-md hover:-translate-y-0.5 h-10 px-4 text-sm"
      type="button"
    >
      Secondary
    </button>
    <button
      class="inline-flex items-center justify-center rounded-lg font-medium transition-all duration-150 ease-out active:translate-y-0 active:scale-[0.97] motion-reduce:transform-none motion-reduce:transition-colors focus-visible:outline-none focus-visible:ring-2 focus-visible:ring-brand focus-visible:ring-offset-2 disabled:cursor-not-allowed disabled:opacity-50 disabled:hover:translate-y-0 disabled:hover:shadow-none disabled:active:scale-100 bg-transparent text-content hover:bg-sunken h-10 px-4 text-sm"
      type="button"
    >
      Ghost
    </button>
  </div>
</div>
`;
