// Vitest Snapshot v1, https://vitest.dev/guide/snapshot.html

exports[`LoginPage > matches the snapshot 1`] = `
<div>
  <main
    class="mx-auto flex min-h-full max-w-md flex-col justify-center gap-6 px-6 py-16"
  >
    <div
      class="text-center"
    >
      <a
        class="font-mono text-sm uppercase tracking-widest text-brand"
        href="/"
      >
        Reelo
      </a>
      <h1
        class="mt-3 font-display text-3xl font-bold text-content"
      >
        Welcome back
      </h1>
      <p
        class="mt-1 text-content-secondary"
      >
        Log in to your Reelo studio.
      </p>
    </div>
    <div
      class="rounded-xl border border-line-subtle bg-surface p-6"
    >
      <form
        class="flex flex-col gap-4"
        novalidate=""
      >
        <div
          class="flex flex-col gap-1.5"
        >
          <label
            class="text-sm font-medium text-content-secondary"
            for=":r2:"
          >
            Email
          </label>
          <input
            autocomplete="email"
            class="h-10 rounded-lg border bg-surface-raised px-3 text-sm text-content placeholder:text-content-muted transition-all duration-150 focus-visible:outline-none focus-visible:border-brand focus-visible:ring-1 focus-visible:ring-brand/50 focus-visible:shadow-glow-sm border-line"
            id=":r2:"
            type="email"
            value=""
          />
        </div>
        <div
          class="flex flex-col gap-1.5"
        >
          <label
            class="text-sm font-medium text-content-secondary"
            for=":r3:"
          >
            Password
          </label>
          <input
            autocomplete="current-password"
            class="h-10 rounded-lg border bg-surface-raised px-3 text-sm text-content placeholder:text-content-muted transition-all duration-150 focus-visible:outline-none focus-visible:border-brand focus-visible:ring-1 focus-visible:ring-brand/50 focus-visible:shadow-glow-sm border-line"
            id=":r3:"
            type="password"
            value=""
          />
        </div>
        <button
          class="inline-flex items-center justify-center rounded-lg font-medium transition-all duration-150 ease-out motion-reduce:transform-none motion-reduce:transition-colors focus-visible:outline-none focus-visible:ring-2 focus-visible:ring-brand focus-visible:ring-offset-2 focus-visible:ring-offset-canvas disabled:cursor-not-allowed disabled:opacity-40 bg-gradient-brand text-white shadow-glow-sm hover:shadow-glow-brand disabled:shadow-none h-12 px-6 text-base gap-2"
          tabindex="0"
          type="submit"
        >
          Log in
        </button>
      </form>
    </div>
    <p
      class="text-center text-sm text-content-muted"
    >
      New to Reelo?
       
      <a
        class="text-brand hover:underline"
        href="/signup"
      >
        Create an account
      </a>
    </p>
  </main>
</div>
`;
